Microsoft Windows [Version 10.0.22621.2134]
(c) Microsoft Corporation. All rights reserved.

C:\Users\Admin>CD Documents/Homework1

C:\Users\Admin\Documents\Homework1>mkdir Ex9

C:\Users\Admin\Documents\Homework1>cd advanced-git-exercises

C:\Users\Admin\Documents\Homework1\advanced-git-exercises>git checkout exercise9
Switched to a new branch 'exercise9'
branch 'exercise9' set up to track 'upstream/exercise9'.

C:\Users\Admin\Documents\Homework1\advanced-git-exercises>git grep -e "Python"
python_code.py:# This is a Python file
python_code.py:    print("Welcome to Python!")

C:\Users\Admin\Documents\Homework1\advanced-git-exercises>echo "More Pythoncode" >> python_code.py

C:\Users\Admin\Documents\Homework1\advanced-git-exercises>git grep --line-number -e "Python"
python_code.py:1:# This is a Python file
python_code.py:4:    print("Welcome to Python!")
python_code.py:5:"More Python code"

C:\Users\Admin\Documents\Homework1\advanced-git-exercises>git grep --line-number --cached -e "Python"
python_code.py:1:# This is a Python file
python_code.py:4:    print("Welcome to Python!")

C:\Users\Admin\Documents\Homework1\advanced-git-exercises>git add python_code.py

C:\Users\Admin\Documents\Homework1\advanced-git-exercises>git grep --line-number --cached -e "Python"
python_code.py:1:# This is a Python file
python_code.py:4:    print("Welcome to Python!")
python_code.py:5:"More Python code"

C:\Users\Admin\Documents\Homework1\advanced-git-exercises>git checkout python_code.py
Updated 0 paths from the index

C:\Users\Admin\Documents\Homework1\advanced-git-exercises>git log --oneline
88f6e28 (HEAD -> exercise9, upstream/exercise9) Adding bash, python, and java code examples
43388fe (upstream/master, upstream/exercise7, upstream/exercise4, upstream/exercise2, upstream/HEAD, exercise2) Initial commit

C:\Users\Admin\Documents\Homework1\advanced-git-exercises>git log exercise3
--oneline
e348ebc (tag: ex3-ne, tag: ex3-annotated-tag, upstream/exercise3, exercise3) Testing the emergency git-casting system
43388fe (upstream/master, upstream/exercise7, upstream/exercise4, upstream/exercise2, upstream/HEAD, exercise2) Initial commit

C:\Users\Admin\Documents\Homework1\advanced-git-exercises>git cherry-pick e3
48e
error: your local changes would be overwritten by cherry-pick.
hint: commit your changes or stash them to proceed.
fatal: cherry-pick failed

C:\Users\Admin\Documents\Homework1\advanced-git-exercises>git cherry-pick e348ebc
error: your local changes would be overwritten by cherry-pick.
hint: commit your changes or stash them to proceed.
fatal: cherry-pick failed

C:\Users\Admin\Documents\Homework1\advanced-git-exercises>git branch
  `feature`
  exercise2
  exercise3
  exercise4
  exercise5
  exercise6
  exercise7
  exercise7-2
* exercise9
  master
  mundo

C:\Users\Admin\Documents\Homework1\advanced-git-exercises>git stash
Saved working directory and index state WIP on exercise9: 88f6e28 Adding bash, python, and java code examples

C:\Users\Admin\Documents\Homework1\advanced-git-exercises>git cherry-pick e3
48ebc
[exercise9 884d692] Testing the emergency git-casting system
 Author: Nina Zakharenko <nina@nnja.io>
 Date: Wed Oct 4 19:01:12 2017 -0700
 1 file changed, 1 insertion(+)

C:\Users\Admin\Documents\Homework1\advanced-git-exercises>git log --oneline
884d692 (HEAD -> exercise9) Testing the emergency git-casting system
88f6e28 (upstream/exercise9) Adding bash, python, and java code examples
43388fe (upstream/master, upstream/exercise7, upstream/exercise4, upstream/exercise2, upstream/HEAD, exercise2) Initial commit

C:\Users\Admin\Documents\Homework1\advanced-git-exercises>git blame hello.tx
t
^43388fe (Nina Zakharenko 2017-10-04 18:51:49 -0700 1) Hello World!
884d692c (Nina Zakharenko 2017-10-04 19:01:12 -0700 2) This is a test of the emergency git-casting system.

C:\Users\Admin\Documents\Homework1\advanced-git-exercises>git rm java_code.j
ava
rm 'java_code.java'

C:\Users\Admin\Documents\Homework1\advanced-git-exercises>git commit -m "Who
 uses Java anyway?"
[exercise9 f21db5c] Who uses Java anyway?
 1 file changed, 7 deletions(-)
 delete mode 100644 java_code.java

C:\Users\Admin\Documents\Homework1\advanced-git-exercises>git log --diff-filter=D -- java_code.java
commit f21db5c095fce78b50c4efc308b92a9d291ac14b (HEAD -> exercise9)
Author: khanhhuyen <many37758@gmail.com>
Date:   Fri Sep 1 11:00:24 2023 +0700

    Who uses Java anyway?

C:\Users\Admin\Documents\Homework1\advanced-git-exercises>git blame f21db5
fatal: no such path 'f21db5' in HEAD

C:\Users\Admin\Documents\Homework1\advanced-git-exercises>git blame f21db
fatal: no such path 'f21db' in HEAD

C:\Users\Admin\Documents\Homework1\advanced-git-exercises>git blame f21db5c095fce78b50c4efc308b92a9d291ac14b
fatal: no such path 'f21db5c095fce78b50c4efc308b92a9d291ac14b' in HEAD

C:\Users\Admin\Documents\Homework1\advanced-git-exercises>f21db5c095fce78b50c4efc308b92a9d291ac14b^ -- java_code.java
'f21db5c095fce78b50c4efc308b92a9d291ac14b' is not recognized as an internalor external command,
operable program or batch file.

C:\Users\Admin\Documents\Homework1\advanced-git-exercises>git blame f21db5c095fce78b50c4efc308b92a9d291ac14b^ -- java_code.java
fatal: no such path java_code.java in f21db5c095fce78b50c4efc308b92a9d291ac14b

C:\Users\Admin\Documents\Homework1\advanced-git-exercises>git blame f21db5c095fce78b50c4efc308b92a9d291ac14b~1 -- java_code.java
88f6e286 (Nina Zakharenko 2017-10-05 11:31:34 -0700 1) // This is a Java file
88f6e286 (Nina Zakharenko 2017-10-05 11:31:34 -0700 2)
88f6e286 (Nina Zakharenko 2017-10-05 11:31:34 -0700 3) public class HelloWorld {
88f6e286 (Nina Zakharenko 2017-10-05 11:31:34 -0700 4)    public static void main(String[] args) {
88f6e286 (Nina Zakharenko 2017-10-05 11:31:34 -0700 5)       System.out.println("Привет от Java!");
88f6e286 (Nina Zakharenko 2017-10-05 11:31:34 -0700 6)    }
88f6e286 (Nina Zakharenko 2017-10-05 11:31:34 -0700 7) }

C:\Users\Admin\Documents\Homework1\advanced-git-exercises>git log --oneline
f21db5c (HEAD -> exercise9) Who uses Java anyway?
884d692 Testing the emergency git-casting system
88f6e28 (upstream/exercise9) Adding bash, python, and java code examples
43388fe (upstream/master, upstream/exercise7, upstream/exercise4, upstream/exercise2, upstream/HEAD, exercise2) Initial commit

C:\Users\Admin\Documents\Homework1\advanced-git-exercises>git bisect start f21db5c 43388fe
Bisecting: 0 revisions left to test after this (roughly 1 step)
[884d692cdd881aa6de362938b6d1f06732f1c364] Testing the emergency git-casting system

C:\Users\Admin\Documents\Homework1\advanced-git-exercises>type hello.txt
Hello World!
This is a test of the emergency git-casting system.

C:\Users\Admin\Documents\Homework1\advanced-git-exercises>git bisect bad
Bisecting: 0 revisions left to test after this (roughly 0 steps)
[88f6e2864bd0829c71654f1d19096f436a66ce07] Adding bash, python, and java code examples

C:\Users\Admin\Documents\Homework1\advanced-git-exercises>type hello.txt
Hello World!

C:\Users\Admin\Documents\Homework1\advanced-git-exercises>git bisect good
884d692cdd881aa6de362938b6d1f06732f1c364 is the first bad commit
commit 884d692cdd881aa6de362938b6d1f06732f1c364
Author: Nina Zakharenko <nina@nnja.io>
Date:   Wed Oct 4 19:01:12 2017 -0700

    Testing the emergency git-casting system

 hello.txt | 1 +
 1 file changed, 1 insertion(+)

C:\Users\Admin\Documents\Homework1\advanced-git-exercises>
