Microsoft Windows [Version 10.0.22621.2134]
(c) Microsoft Corporation. All rights reserved.

C:\Users\Admin>cd Documents/Homework1/advanced-git-exercises

C:\Users\Admin\Documents\Homework1\advanced-git-exercises>git checkout exercises6
error: pathspec 'exercises6' did not match any file(s) known to git

C:\Users\Admin\Documents\Homework1\advanced-git-exercises>git checkout exercise6
Switched to a new branch 'exercise6'
branch 'exercise6' set up to track 'origin/exercise6'.

C:\Users\Admin\Documents\Homework1\advanced-git-exercises>echo "Bad data" >hello.template

C:\Users\Admin\Documents\Homework1\advanced-git-exercises>type hello.template
"Bad data"

C:\Users\Admin\Documents\Homework1\advanced-git-exercises>git checkout --hello.template
error: unknown option `hello.template'
usage: git checkout [<options>] <branch>
   or: git checkout [<options>] [<branch>] -- <file>...

    -b <branch>           create and checkout a new branch
    -B <branch>           create/reset and checkout a branch
    -l                    create reflog for new branch
    --guess               second guess 'git checkout <no-such-branch>' (default)
    --overlay             use overlay mode (default)
    -q, --quiet           suppress progress reporting
    --recurse-submodules[=<checkout>]
                          control recursive updating of submodules
    --progress            force progress reporting
    -m, --merge           perform a 3-way merge with the new branch
    --conflict <style>    conflict style (merge, diff3, or zdiff3)
    -d, --detach          detach HEAD at named commit
    -t, --track[=(direct|inherit)]
                          set branch tracking configuration
    -f, --force           force checkout (throw away local modifications)
    --orphan <new-branch> new unparented branch
    --overwrite-ignore    update ignored files (default)
    --ignore-other-worktrees
                          do not check if another worktree is holding the given ref
    -2, --ours            checkout our version for unmerged files
    -3, --theirs          checkout their version for unmerged files
    -p, --patch           select hunks interactively
    --ignore-skip-worktree-bits
                          do not limit pathspecs to sparse entries only
    --pathspec-from-file <file>
                          read pathspec from file
    --pathspec-file-nul   with --pathspec-from-file, pathspec elements are separated with NUL character


C:\Users\Admin\Documents\Homework1\advanced-git-exercises>git checkout -- hello.template

C:\Users\Admin\Documents\Homework1\advanced-git-exercises>type hello.templat
e
[greeting] [noun]!
This is a test of the emergency git-casting system.

C:\Users\Admin\Documents\Homework1\advanced-git-exercises>git log --name-status --follow --oneline hello.template
4b2b90e (HEAD -> exercise6, origin/exercise6) Replacing greeting with tokens for i18n
R073    hello.txt       hello.template
fec9e7b Changing Hello to Hola
M       hello.txt
afa34a6 Changing World to Mundo
M       hello.txt
e348ebc (tag: ex3-ne, tag: ex3-annotated-tag, origin/exercise3, exercise3) Testing the emergency git-casting system
M       hello.txt
43388fe (origin/master, origin/exercise7, origin/exercise4, origin/exercise2, origin/HEAD, master, exercise2) Initial commit
A       hello.txt

C:\Users\Admin\Documents\Homework1\advanced-git-exercises>git reser HEAD hel
lo.txt
git: 'reser' is not a git command. See 'git --help'.

The most similar commands are
        reset
        restore

C:\Users\Admin\Documents\Homework1\advanced-git-exercises>git reset HEAD hello.txt

C:\Users\Admin\Documents\Homework1\advanced-git-exercises>git rm hello.templ
ate
rm 'hello.template'

C:\Users\Admin\Documents\Homework1\advanced-git-exercises>git status
On branch exercise6
Your branch is up to date with 'origin/exercise6'.

Changes to be committed:
  (use "git restore --staged <file>..." to unstage)
        deleted:    hello.template


C:\Users\Admin\Documents\Homework1\advanced-git-exercises>git commit -m "Del
eting hello.template"
[exercise6 6c5a267] Deleting hello.template
 1 file changed, 2 deletions(-)
 delete mode 100644 hello.template

C:\Users\Admin\Documents\Homework1\advanced-git-exercises>git log --diff-filter=D --oneline -- hello.template
6c5a267 (HEAD -> exercise6) Deleting hello.template

C:\Users\Admin\Documents\Homework1\advanced-git-exercises>git checkout 6c5a267^ -- hello.template
error: pathspec 'hello.template' did not match any file(s) known to git

C:\Users\Admin\Documents\Homework1\advanced-git-exercises>git checkout 6c5a267^
More?
More? d
error: pathspec '6c5a267
d' did not match any file(s) known to git

C:\Users\Admin\Documents\Homework1\advanced-git-exercises>git checkout 6c5a267~1 hello.template
Updated 1 path from f0584ac

C:\Users\Admin\Documents\Homework1\advanced-git-exercises>git status
On branch exercise6
Your branch is ahead of 'origin/exercise6' by 1 commit.
  (use "git push" to publish your local commits)

Changes to be committed:
  (use "git restore --staged <file>..." to unstage)
        new file:   hello.template


C:\Users\Admin\Documents\Homework1\advanced-git-exercises>type hello.templat
e
[greeting] [noun]!
This is a test of the emergency git-casting system.

C:\Users\Admin\Documents\Homework1\advanced-git-exercises>git clean --dry-ru
n

C:\Users\Admin\Documents\Homework1\advanced-git-exercises>git clean -f

C:\Users\Admin\Documents\Homework1\advanced-git-exercises>git reset -- hello
.template

C:\Users\Admin\Documents\Homework1\advanced-git-exercises>git status
On branch exercise6
Your branch is ahead of 'origin/exercise6' by 1 commit.
  (use "git push" to publish your local commits)

Untracked files:
  (use "git add <file>..." to include in what will be committed)
        hello.template

nothing added to commit but untracked files present (use "git add" to track)

C:\Users\Admin\Documents\Homework1\advanced-git-exercises>git reset -- hello.txt

C:\Users\Admin\Documents\Homework1\advanced-git-exercises>git status
On branch exercise6
Your branch is ahead of 'origin/exercise6' by 1 commit.
  (use "git push" to publish your local commits)

Untracked files:
  (use "git add <file>..." to include in what will be committed)
        hello.template

nothing added to commit but untracked files present (use "git add" to track)

C:\Users\Admin\Documents\Homework1\advanced-git-exercises>git log --oneline
6c5a267 (HEAD -> exercise6) Deleting hello.template
4b2b90e (origin/exercise6) Replacing greeting with tokens for i18n
ff91b70 (origin/exercise5) Merging in mundo branch
fec9e7b Changing Hello to Hola
4582f72 Merge branch 'exercise3' into exercise4
afa34a6 Changing World to Mundo
7ea8b01 Merge branch 'exercise3' into exercise4
e348ebc (tag: ex3-ne, tag: ex3-annotated-tag, origin/exercise3, exercise3) Testing the emergency git-casting system
43388fe (origin/master, origin/exercise7, origin/exercise4, origin/exercise2, origin/HEAD, master, exercise2) Initial commit

C:\Users\Admin\Documents\Homework1\advanced-git-exercises>rm hello.template
'rm' is not recognized as an internal or external command,
operable program or batch file.

C:\Users\Admin\Documents\Homework1\advanced-git-exercises>git rm hello.template
fatal: pathspec 'hello.template' did not match any files

C:\Users\Admin\Documents\Homework1\advanced-git-exercises>type hello.templat
e
[greeting] [noun]!
This is a test of the emergency git-casting system.

C:\Users\Admin\Documents\Homework1\advanced-git-exercises>git reset 4b2b90e-- hello.template

C:\Users\Admin\Documents\Homework1\advanced-git-exercises>git status
On branch exercise6
Your branch is ahead of 'origin/exercise6' by 1 commit.
  (use "git push" to publish your local commits)

Changes to be committed:
  (use "git restore --staged <file>..." to unstage)
        new file:   hello.template


C:\Users\Admin\Documents\Homework1\advanced-git-exercises>git reset --hard "
HEAD^"
HEAD is now at 4b2b90e Replacing greeting with tokens for i18n

C:\Users\Admin\Documents\Homework1\advanced-git-exercises>git reset --hard HEAD
HEAD is now at 4b2b90e Replacing greeting with tokens for i18n

C:\Users\Admin\Documents\Homework1\advanced-git-exercises>git log -2 --oneli
ne
4b2b90e (HEAD -> exercise6, origin/exercise6) Replacing greeting with tokens for i18n
ff91b70 (origin/exercise5) Merging in mundo branch

C:\Users\Admin\Documents\Homework1\advanced-git-exercises>git reset 4b2b90e

C:\Users\Admin\Documents\Homework1\advanced-git-exercises>git log -1 --oneline
4b2b90e (HEAD -> exercise6, origin/exercise6) Replacing greeting with tokens for i18n

C:\Users\Admin\Documents\Homework1\advanced-git-exercises>git reset ORIG_HEAD

C:\Users\Admin\Documents\Homework1\advanced-git-exercises>git log -1 --oneline
4b2b90e (HEAD -> exercise6, origin/exercise6) Replacing greeting with tokens for i18n

C:\Users\Admin\Documents\Homework1\advanced-git-exercises>git reset 6c5a267

C:\Users\Admin\Documents\Homework1\advanced-git-exercises>git log -1 --oneli
ne
6c5a267 (HEAD -> exercise6) Deleting hello.template

C:\Users\Admin\Documents\Homework1\advanced-git-exercises>git revert 6c5a267

error: The following untracked working tree files would be overwritten by merge:
        hello.template
Please move or remove them before you merge.
Aborting
fatal: revert failed

C:\Users\Admin\Documents\Homework1\advanced-git-exercises>git rm hello.templ
ate
fatal: pathspec 'hello.template' did not match any files

C:\Users\Admin\Documents\Homework1\advanced-git-exercises>
