Microsoft Windows [Version 10.0.22621.2134]
(c) Microsoft Corporation. All rights reserved.

C:\Users\Admin>cd Documents/Homework1

C:\Users\Admin\Documents\Homework1>mkdir Ex10

C:\Users\Admin\Documents\Homework1>git checkout exercise10
error: pathspec 'exercise10' did not match any file(s) known to git

C:\Users\Admin\Documents\Homework1>cd advanced-git-exercises

C:\Users\Admin\Documents\Homework1\advanced-git-exercises>git checkout exercise10
Previous HEAD position was 88f6e28 Adding bash, python, and java code examples
Switched to a new branch 'exercise10'
branch 'exercise10' set up to track 'upstream/exercise10'.

C:\Users\Admin\Documents\Homework1\advanced-git-exercises>cp pre-commit .git/hooks/pre-commit
'cp' is not recognized as an internal or external command,
operable program or batch file.

C:\Users\Admin\Documents\Homework1\advanced-git-exercises>cp pre-commit .git\hooks\pre-commit
'cp' is not recognized as an internal or external command,
operable program or batch file.

C:\Users\Admin\Documents\Homework1\advanced-git-exercises>copy pre-commit .git\hooks\pre-commit
        1 file(s) copied.

C:\Users\Admin\Documents\Homework1\advanced-git-exercises>icacls .git/hooks/pre-commit
.git/hooks/pre-commit NT AUTHORITY\SYSTEM:(I)(F)
                      BUILTIN\Administrators:(I)(F)
                      LAPTOP-750LQDDF\Admin:(I)(F)

Successfully processed 1 files; Failed processing 0 files

C:\Users\Admin\Documents\Homework1\advanced-git-exercises>echo "Bad bash scr
ipt" > test_script.sh

C:\Users\Admin\Documents\Homework1\advanced-git-exercises>git add test_scrip
t.sh

C:\Users\Admin\Documents\Homework1\advanced-git-exercises>git commit -m "Add
ing a new test script"
No shebang found! Not allowed to commit!

C:\Users\Admin\Documents\Homework1\advanced-git-exercises>echo "#!/bin/bash\
n Good bad script" > test_script.sh

C:\Users\Admin\Documents\Homework1\advanced-git-exercises>git add test_scrip
t.sh

C:\Users\Admin\Documents\Homework1\advanced-git-exercises>commit -m "Adding
a new test script"
[exercise10 3bbdcb2] Adding a new test script
 1 file changed, 1 deletion(-)
 delete mode 100644 test_script.sh


